d:\qdm_interface-v2.01-mvcam-500fps\qdm_interface-v2.01\qdm_interface\x64\release\utils.obj
d:\qdm_interface-v2.01-mvcam-500fps\qdm_interface-v2.01\qdm_interface\x64\release\sweepmeasurethread.obj
d:\qdm_interface-v2.01-mvcam-500fps\qdm_interface-v2.01\qdm_interface\x64\release\savethread.obj
d:\qdm_interface-v2.01-mvcam-500fps\qdm_interface-v2.01\qdm_interface\x64\release\radiusprogressbar.obj
d:\qdm_interface-v2.01-mvcam-500fps\qdm_interface-v2.01\qdm_interface\x64\release\pulseset.obj
d:\qdm_interface-v2.01-mvcam-500fps\qdm_interface-v2.01\qdm_interface\x64\release\pulsecontrol.obj
d:\qdm_interface-v2.01-mvcam-500fps\qdm_interface-v2.01\qdm_interface\x64\release\mygraphicsview.obj
d:\qdm_interface-v2.01-mvcam-500fps\qdm_interface-v2.01\qdm_interface\x64\release\mvcamerasweep.obj
d:\qdm_interface-v2.01-mvcam-500fps\qdm_interface-v2.01\qdm_interface\x64\release\mvcamerafix.obj
d:\qdm_interface-v2.01-mvcam-500fps\qdm_interface-v2.01\qdm_interface\x64\release\mvcamera.obj
d:\qdm_interface-v2.01-mvcam-500fps\qdm_interface-v2.01\qdm_interface\x64\release\mvcamcapture.obj
d:\qdm_interface-v2.01-mvcam-500fps\qdm_interface-v2.01\qdm_interface\x64\release\motorcontroller.obj
d:\qdm_interface-v2.01-mvcam-500fps\qdm_interface-v2.01\qdm_interface\x64\release\microwavesrcctlnewprotocol.obj
d:\qdm_interface-v2.01-mvcam-500fps\qdm_interface-v2.01\qdm_interface\x64\release\framebase.obj
d:\qdm_interface-v2.01-mvcam-500fps\qdm_interface-v2.01\qdm_interface\x64\release\fixmeasurethread.obj
d:\qdm_interface-v2.01-mvcam-500fps\qdm_interface-v2.01\qdm_interface\x64\release\currentsource.obj
d:\qdm_interface-v2.01-mvcam-500fps\qdm_interface-v2.01\qdm_interface\x64\release\ctucamcap.obj
d:\qdm_interface-v2.01-mvcam-500fps\qdm_interface-v2.01\qdm_interface\x64\release\colormapwidget.obj
d:\qdm_interface-v2.01-mvcam-500fps\qdm_interface-v2.01\qdm_interface\x64\release\camera.obj
d:\qdm_interface-v2.01-mvcam-500fps\qdm_interface-v2.01\qdm_interface\x64\release\analysisroi.obj
d:\qdm_interface-v2.01-mvcam-500fps\qdm_interface-v2.01\qdm_interface\x64\release\main.obj
d:\qdm_interface-v2.01-mvcam-500fps\qdm_interface-v2.01\qdm_interface\x64\release\qdm_interface.obj
d:\qdm_interface-v2.01-mvcam-500fps\qdm_interface-v2.01\qdm_interface\x64\release\qcustomplot.obj
d:\qdm_interface-v2.01-mvcam-500fps\qdm_interface-v2.01\qdm_interface\x64\release\cameradataprocess.obj
d:\qdm_interface-v2.01-mvcam-500fps\qdm_interface-v2.01\qdm_interface\x64\release\misc.obj
d:\qdm_interface-v2.01-mvcam-500fps\qdm_interface-v2.01\qdm_interface\x64\release\lm.obj
d:\qdm_interface-v2.01-mvcam-500fps\qdm_interface-v2.01\qdm_interface\x64\release\axb.obj
d:\qdm_interface-v2.01-mvcam-500fps\qdm_interface-v2.01\qdm_interface\x64\release\qrc_qdm_interface.obj
d:\qdm_interface-v2.01-mvcam-500fps\qdm_interface-v2.01\qdm_interface\x64\release\qrc_pulsegenerator.obj
d:\qdm_interface-v2.01-mvcam-500fps\qdm_interface-v2.01\qdm_interface\x64\release\moc_fixmeasurethread.obj
d:\qdm_interface-v2.01-mvcam-500fps\qdm_interface-v2.01\qdm_interface\x64\release\moc_sweepmeasurethread.obj
d:\qdm_interface-v2.01-mvcam-500fps\qdm_interface-v2.01\qdm_interface\x64\release\moc_radiusprogressbar.obj
d:\qdm_interface-v2.01-mvcam-500fps\qdm_interface-v2.01\qdm_interface\x64\release\moc_mvcamerafix.obj
d:\qdm_interface-v2.01-mvcam-500fps\qdm_interface-v2.01\qdm_interface\x64\release\moc_mvcamerasweep.obj
d:\qdm_interface-v2.01-mvcam-500fps\qdm_interface-v2.01\qdm_interface\x64\release\moc_mvcamcapture.obj
d:\qdm_interface-v2.01-mvcam-500fps\qdm_interface-v2.01\qdm_interface\x64\release\moc_mygraphicsview.obj
d:\qdm_interface-v2.01-mvcam-500fps\qdm_interface-v2.01\qdm_interface\x64\release\moc_motorcontroller.obj
d:\qdm_interface-v2.01-mvcam-500fps\qdm_interface-v2.01\qdm_interface\x64\release\moc_currentsource.obj
d:\qdm_interface-v2.01-mvcam-500fps\qdm_interface-v2.01\qdm_interface\x64\release\moc_pulseset.obj
d:\qdm_interface-v2.01-mvcam-500fps\qdm_interface-v2.01\qdm_interface\x64\release\moc_ctucamcap.obj
d:\qdm_interface-v2.01-mvcam-500fps\qdm_interface-v2.01\qdm_interface\x64\release\moc_colormapwidget.obj
d:\qdm_interface-v2.01-mvcam-500fps\qdm_interface-v2.01\qdm_interface\x64\release\moc_microwavesrcctlnewprotocol.obj
d:\qdm_interface-v2.01-mvcam-500fps\qdm_interface-v2.01\qdm_interface\x64\release\moc_analysisroi.obj
d:\qdm_interface-v2.01-mvcam-500fps\qdm_interface-v2.01\qdm_interface\x64\release\moc_qcustomplot.obj
d:\qdm_interface-v2.01-mvcam-500fps\qdm_interface-v2.01\qdm_interface\x64\release\moc_qdm_interface.obj
d:\qdm_interface-v2.01-mvcam-500fps\qdm_interface-v2.01\x64\release\qdm_interface.exe
d:\qdm_interface-v2.01-mvcam-500fps\qdm_interface-v2.01\qdm_interface\x64\release\moc\moc_qdm_interface.cpp
d:\pa0103\soft\qdm_interface-v2.01 - mvcam - 500fps\qdm_interface-v2.01 - mvcam - 500fps\qdm_interface-v2.01\qdm_interface\x64\release\uic\ui_analysisroi.h
d:\pa0103\soft\qdm_interface-v2.01 - mvcam - 500fps\qdm_interface-v2.01 - mvcam - 500fps\qdm_interface-v2.01\qdm_interface\x64\release\uic\ui_colormapwidget.h
d:\pa0103\soft\qdm_interface-v2.01 - mvcam - 500fps\qdm_interface-v2.01 - mvcam - 500fps\qdm_interface-v2.01\qdm_interface\x64\release\uic\ui_pulseset.h
d:\pa0103\soft\qdm_interface-v2.01 - mvcam - 500fps\qdm_interface-v2.01 - mvcam - 500fps\qdm_interface-v2.01\qdm_interface\x64\release\uic\ui_qdm_interface.h
d:\pa0103\soft\qdm_interface-v2.01 - mvcam - 500fps\qdm_interface-v2.01 - mvcam - 500fps\qdm_interface-v2.01\qdm_interface\x64\release\rcc\qrc_pulsegenerator.cpp
d:\pa0103\soft\qdm_interface-v2.01 - mvcam - 500fps\qdm_interface-v2.01 - mvcam - 500fps\qdm_interface-v2.01\qdm_interface\x64\release\rcc\qrc_qdm_interface.cpp
d:\pa0103\soft\qdm_interface-v2.01 - mvcam - 500fps\qdm_interface-v2.01 - mvcam - 500fps\qdm_interface-v2.01\qdm_interface\x64\release\moc\moc_qdm_interface.cpp
d:\pa0103\soft\qdm_interface-v2.01 - mvcam - 500fps\qdm_interface-v2.01 - mvcam - 500fps\qdm_interface-v2.01\qdm_interface\x64\release\moc\moc_qcustomplot.cpp
d:\pa0103\soft\qdm_interface-v2.01 - mvcam - 500fps\qdm_interface-v2.01 - mvcam - 500fps\qdm_interface-v2.01\qdm_interface\x64\release\moc\moc_analysisroi.cpp
d:\pa0103\soft\qdm_interface-v2.01 - mvcam - 500fps\qdm_interface-v2.01 - mvcam - 500fps\qdm_interface-v2.01\qdm_interface\x64\release\moc\moc_microwavesrcctlnewprotocol.cpp
d:\pa0103\soft\qdm_interface-v2.01 - mvcam - 500fps\qdm_interface-v2.01 - mvcam - 500fps\qdm_interface-v2.01\qdm_interface\x64\release\moc\moc_colormapwidget.cpp
d:\pa0103\soft\qdm_interface-v2.01 - mvcam - 500fps\qdm_interface-v2.01 - mvcam - 500fps\qdm_interface-v2.01\qdm_interface\x64\release\moc\moc_ctucamcap.cpp
d:\pa0103\soft\qdm_interface-v2.01 - mvcam - 500fps\qdm_interface-v2.01 - mvcam - 500fps\qdm_interface-v2.01\qdm_interface\x64\release\moc\moc_pulseset.cpp
d:\pa0103\soft\qdm_interface-v2.01 - mvcam - 500fps\qdm_interface-v2.01 - mvcam - 500fps\qdm_interface-v2.01\qdm_interface\x64\release\moc\moc_currentsource.cpp
d:\pa0103\soft\qdm_interface-v2.01 - mvcam - 500fps\qdm_interface-v2.01 - mvcam - 500fps\qdm_interface-v2.01\qdm_interface\x64\release\moc\moc_motorcontroller.cpp
d:\pa0103\soft\qdm_interface-v2.01 - mvcam - 500fps\qdm_interface-v2.01 - mvcam - 500fps\qdm_interface-v2.01\qdm_interface\x64\release\moc\moc_mygraphicsview.cpp
d:\pa0103\soft\qdm_interface-v2.01 - mvcam - 500fps\qdm_interface-v2.01 - mvcam - 500fps\qdm_interface-v2.01\qdm_interface\x64\release\moc\moc_mvcamcapture.cpp
d:\pa0103\soft\qdm_interface-v2.01 - mvcam - 500fps\qdm_interface-v2.01 - mvcam - 500fps\qdm_interface-v2.01\qdm_interface\x64\release\moc\moc_mvcamerasweep.cpp
d:\pa0103\soft\qdm_interface-v2.01 - mvcam - 500fps\qdm_interface-v2.01 - mvcam - 500fps\qdm_interface-v2.01\qdm_interface\x64\release\moc\moc_mvcamerafix.cpp
d:\pa0103\soft\qdm_interface-v2.01 - mvcam - 500fps\qdm_interface-v2.01 - mvcam - 500fps\qdm_interface-v2.01\qdm_interface\x64\release\moc\moc_radiusprogressbar.cpp
d:\pa0103\soft\qdm_interface-v2.01 - mvcam - 500fps\qdm_interface-v2.01 - mvcam - 500fps\qdm_interface-v2.01\qdm_interface\x64\release\moc\moc_sweepmeasurethread.cpp
d:\pa0103\soft\qdm_interface-v2.01 - mvcam - 500fps\qdm_interface-v2.01 - mvcam - 500fps\qdm_interface-v2.01\qdm_interface\x64\release\moc\moc_fixmeasurethread.cpp
f:\宽场样机软件\qdm_interface-v2.01 - mvcam - 500fps\qdm_interface-v2.01\qdm_interface\x64\release\uic\ui_analysisroi.h
f:\宽场样机软件\qdm_interface-v2.01 - mvcam - 500fps\qdm_interface-v2.01\qdm_interface\x64\release\uic\ui_colormapwidget.h
f:\宽场样机软件\qdm_interface-v2.01 - mvcam - 500fps\qdm_interface-v2.01\qdm_interface\x64\release\uic\ui_pulseset.h
f:\宽场样机软件\qdm_interface-v2.01 - mvcam - 500fps\qdm_interface-v2.01\qdm_interface\x64\release\uic\ui_qdm_interface.h
f:\宽场样机软件\qdm_interface-v2.01 - mvcam - 500fps\qdm_interface-v2.01\qdm_interface\x64\release\rcc\qrc_pulsegenerator.cpp
f:\宽场样机软件\qdm_interface-v2.01 - mvcam - 500fps\qdm_interface-v2.01\qdm_interface\x64\release\rcc\qrc_qdm_interface.cpp
f:\宽场样机软件\qdm_interface-v2.01 - mvcam - 500fps\qdm_interface-v2.01\qdm_interface\x64\release\moc\moc_qdm_interface.cpp
f:\宽场样机软件\qdm_interface-v2.01 - mvcam - 500fps\qdm_interface-v2.01\qdm_interface\x64\release\moc\moc_qcustomplot.cpp
f:\宽场样机软件\qdm_interface-v2.01 - mvcam - 500fps\qdm_interface-v2.01\qdm_interface\x64\release\moc\moc_analysisroi.cpp
f:\宽场样机软件\qdm_interface-v2.01 - mvcam - 500fps\qdm_interface-v2.01\qdm_interface\x64\release\moc\moc_microwavesrcctlnewprotocol.cpp
f:\宽场样机软件\qdm_interface-v2.01 - mvcam - 500fps\qdm_interface-v2.01\qdm_interface\x64\release\moc\moc_colormapwidget.cpp
f:\宽场样机软件\qdm_interface-v2.01 - mvcam - 500fps\qdm_interface-v2.01\qdm_interface\x64\release\moc\moc_ctucamcap.cpp
f:\宽场样机软件\qdm_interface-v2.01 - mvcam - 500fps\qdm_interface-v2.01\qdm_interface\x64\release\moc\moc_pulseset.cpp
f:\宽场样机软件\qdm_interface-v2.01 - mvcam - 500fps\qdm_interface-v2.01\qdm_interface\x64\release\moc\moc_currentsource.cpp
f:\宽场样机软件\qdm_interface-v2.01 - mvcam - 500fps\qdm_interface-v2.01\qdm_interface\x64\release\moc\moc_motorcontroller.cpp
f:\宽场样机软件\qdm_interface-v2.01 - mvcam - 500fps\qdm_interface-v2.01\qdm_interface\x64\release\moc\moc_mygraphicsview.cpp
f:\宽场样机软件\qdm_interface-v2.01 - mvcam - 500fps\qdm_interface-v2.01\qdm_interface\x64\release\moc\moc_mvcamcapture.cpp
f:\宽场样机软件\qdm_interface-v2.01 - mvcam - 500fps\qdm_interface-v2.01\qdm_interface\x64\release\moc\moc_mvcamerasweep.cpp
f:\宽场样机软件\qdm_interface-v2.01 - mvcam - 500fps\qdm_interface-v2.01\qdm_interface\x64\release\moc\moc_mvcamerafix.cpp
f:\宽场样机软件\qdm_interface-v2.01 - mvcam - 500fps\qdm_interface-v2.01\qdm_interface\x64\release\moc\moc_radiusprogressbar.cpp
f:\宽场样机软件\qdm_interface-v2.01 - mvcam - 500fps\qdm_interface-v2.01\qdm_interface\x64\release\moc\moc_sweepmeasurethread.cpp
f:\宽场样机软件\qdm_interface-v2.01 - mvcam - 500fps\qdm_interface-v2.01\qdm_interface\x64\release\moc\moc_fixmeasurethread.cpp
d:\qdm_interface-v2.01-mvcam-500fps\qdm_interface-v2.01\qdm_interface\x64\release\moc\moc_qcustomplot.cpp
d:\qdm_interface-v2.01-mvcam-500fps\qdm_interface-v2.01\qdm_interface\x64\release\moc\moc_analysisroi.cpp
d:\qdm_interface-v2.01-mvcam-500fps\qdm_interface-v2.01\qdm_interface\x64\release\moc\moc_microwavesrcctlnewprotocol.cpp
d:\qdm_interface-v2.01-mvcam-500fps\qdm_interface-v2.01\qdm_interface\x64\release\moc\moc_colormapwidget.cpp
d:\qdm_interface-v2.01-mvcam-500fps\qdm_interface-v2.01\qdm_interface\x64\release\moc\moc_ctucamcap.cpp
d:\qdm_interface-v2.01-mvcam-500fps\qdm_interface-v2.01\qdm_interface\x64\release\moc\moc_pulseset.cpp
d:\qdm_interface-v2.01-mvcam-500fps\qdm_interface-v2.01\qdm_interface\x64\release\moc\moc_currentsource.cpp
d:\qdm_interface-v2.01-mvcam-500fps\qdm_interface-v2.01\qdm_interface\x64\release\moc\moc_motorcontroller.cpp
d:\qdm_interface-v2.01-mvcam-500fps\qdm_interface-v2.01\qdm_interface\x64\release\moc\moc_mygraphicsview.cpp
d:\qdm_interface-v2.01-mvcam-500fps\qdm_interface-v2.01\qdm_interface\x64\release\moc\moc_mvcamcapture.cpp
d:\qdm_interface-v2.01-mvcam-500fps\qdm_interface-v2.01\qdm_interface\x64\release\moc\moc_mvcamerasweep.cpp
d:\qdm_interface-v2.01-mvcam-500fps\qdm_interface-v2.01\qdm_interface\x64\release\moc\moc_mvcamerafix.cpp
d:\qdm_interface-v2.01-mvcam-500fps\qdm_interface-v2.01\qdm_interface\x64\release\moc\moc_radiusprogressbar.cpp
d:\qdm_interface-v2.01-mvcam-500fps\qdm_interface-v2.01\qdm_interface\x64\release\moc\moc_sweepmeasurethread.cpp
d:\qdm_interface-v2.01-mvcam-500fps\qdm_interface-v2.01\qdm_interface\x64\release\moc\moc_fixmeasurethread.cpp
d:\qdm_interface-v2.01-mvcam-500fps\qdm_interface-v2.01\qdm_interface\x64\release\uic\ui_analysisroi.h
d:\qdm_interface-v2.01-mvcam-500fps\qdm_interface-v2.01\qdm_interface\x64\release\uic\ui_colormapwidget.h
d:\qdm_interface-v2.01-mvcam-500fps\qdm_interface-v2.01\qdm_interface\x64\release\uic\ui_pulseset.h
d:\qdm_interface-v2.01-mvcam-500fps\qdm_interface-v2.01\qdm_interface\x64\release\uic\ui_qdm_interface.h
d:\qdm_interface-v2.01-mvcam-500fps\qdm_interface-v2.01\qdm_interface\x64\release\rcc\qrc_pulsegenerator.cpp
d:\qdm_interface-v2.01-mvcam-500fps\qdm_interface-v2.01\qdm_interface\x64\release\rcc\qrc_qdm_interface.cpp
d:\qdm_interface-v2.01-mvcam-500fps\qdm_interface-v2.01\qdm_interface\x64\release\qdm_interface.res
d:\qdm_interface-v2.01-mvcam-500fps\qdm_interface-v2.01\qdm_interface\x64\release\qdm_interface.tlog\cl.command.1.tlog
d:\qdm_interface-v2.01-mvcam-500fps\qdm_interface-v2.01\qdm_interface\x64\release\qdm_interface.tlog\cl.read.1.tlog
d:\qdm_interface-v2.01-mvcam-500fps\qdm_interface-v2.01\qdm_interface\x64\release\qdm_interface.tlog\cl.write.1.tlog
d:\qdm_interface-v2.01-mvcam-500fps\qdm_interface-v2.01\qdm_interface\x64\release\qdm_interface.tlog\link.command.1.tlog
d:\qdm_interface-v2.01-mvcam-500fps\qdm_interface-v2.01\qdm_interface\x64\release\qdm_interface.tlog\link.read.1.tlog
d:\qdm_interface-v2.01-mvcam-500fps\qdm_interface-v2.01\qdm_interface\x64\release\qdm_interface.tlog\link.write.1.tlog
d:\qdm_interface-v2.01-mvcam-500fps\qdm_interface-v2.01\qdm_interface\x64\release\qdm_interface.tlog\moc.read.1u.tlog
d:\qdm_interface-v2.01-mvcam-500fps\qdm_interface-v2.01\qdm_interface\x64\release\qdm_interface.tlog\moc.write.1u.tlog
d:\qdm_interface-v2.01-mvcam-500fps\qdm_interface-v2.01\qdm_interface\x64\release\qdm_interface.tlog\qdm_interface.write.1u.tlog
d:\qdm_interface-v2.01-mvcam-500fps\qdm_interface-v2.01\qdm_interface\x64\release\qdm_interface.tlog\rc.command.1.tlog
d:\qdm_interface-v2.01-mvcam-500fps\qdm_interface-v2.01\qdm_interface\x64\release\qdm_interface.tlog\rc.read.1.tlog
d:\qdm_interface-v2.01-mvcam-500fps\qdm_interface-v2.01\qdm_interface\x64\release\qdm_interface.tlog\rc.write.1.tlog
d:\qdm_interface-v2.01-mvcam-500fps\qdm_interface-v2.01\qdm_interface\x64\release\qdm_interface.tlog\rcc.read.1u.tlog
d:\qdm_interface-v2.01-mvcam-500fps\qdm_interface-v2.01\qdm_interface\x64\release\qdm_interface.tlog\rcc.write.1u.tlog
d:\qdm_interface-v2.01-mvcam-500fps\qdm_interface-v2.01\qdm_interface\x64\release\qdm_interface.tlog\uic.read.1u.tlog
d:\qdm_interface-v2.01-mvcam-500fps\qdm_interface-v2.01\qdm_interface\x64\release\qdm_interface.tlog\uic.write.1u.tlog
