d:\qdm_interface-v2.01-mvcam-500fps\qdm_interface-v2.01\qdm_interface\x64\debug\vc142.pdb
d:\qdm_interface-v2.01-mvcam-500fps\qdm_interface-v2.01\qdm_interface\x64\debug\utils.obj
d:\qdm_interface-v2.01-mvcam-500fps\qdm_interface-v2.01\qdm_interface\x64\debug\sweepmeasurethread.obj
d:\qdm_interface-v2.01-mvcam-500fps\qdm_interface-v2.01\qdm_interface\x64\debug\savethread.obj
d:\qdm_interface-v2.01-mvcam-500fps\qdm_interface-v2.01\qdm_interface\x64\debug\radiusprogressbar.obj
d:\qdm_interface-v2.01-mvcam-500fps\qdm_interface-v2.01\qdm_interface\x64\debug\pulseset.obj
d:\qdm_interface-v2.01-mvcam-500fps\qdm_interface-v2.01\qdm_interface\x64\debug\pulsecontrol.obj
d:\qdm_interface-v2.01-mvcam-500fps\qdm_interface-v2.01\qdm_interface\x64\debug\mygraphicsview.obj
d:\qdm_interface-v2.01-mvcam-500fps\qdm_interface-v2.01\qdm_interface\x64\debug\mvcamerasweep.obj
d:\qdm_interface-v2.01-mvcam-500fps\qdm_interface-v2.01\qdm_interface\x64\debug\mvcamerafix.obj
d:\qdm_interface-v2.01-mvcam-500fps\qdm_interface-v2.01\qdm_interface\x64\debug\mvcamera.obj
d:\qdm_interface-v2.01-mvcam-500fps\qdm_interface-v2.01\qdm_interface\x64\debug\mvcamcapture.obj
d:\qdm_interface-v2.01-mvcam-500fps\qdm_interface-v2.01\qdm_interface\x64\debug\motorcontroller.obj
d:\qdm_interface-v2.01-mvcam-500fps\qdm_interface-v2.01\qdm_interface\x64\debug\microwavesrcctlnewprotocol.obj
d:\qdm_interface-v2.01-mvcam-500fps\qdm_interface-v2.01\qdm_interface\x64\debug\framebase.obj
d:\qdm_interface-v2.01-mvcam-500fps\qdm_interface-v2.01\qdm_interface\x64\debug\fixmeasurethread.obj
d:\qdm_interface-v2.01-mvcam-500fps\qdm_interface-v2.01\qdm_interface\x64\debug\currentsource.obj
d:\qdm_interface-v2.01-mvcam-500fps\qdm_interface-v2.01\qdm_interface\x64\debug\ctucamcap.obj
d:\qdm_interface-v2.01-mvcam-500fps\qdm_interface-v2.01\qdm_interface\x64\debug\colormapwidget.obj
d:\qdm_interface-v2.01-mvcam-500fps\qdm_interface-v2.01\qdm_interface\x64\debug\camera.obj
d:\qdm_interface-v2.01-mvcam-500fps\qdm_interface-v2.01\qdm_interface\x64\debug\analysisroi.obj
d:\qdm_interface-v2.01-mvcam-500fps\qdm_interface-v2.01\qdm_interface\x64\debug\main.obj
d:\qdm_interface-v2.01-mvcam-500fps\qdm_interface-v2.01\qdm_interface\x64\debug\qdm_interface.obj
d:\qdm_interface-v2.01-mvcam-500fps\qdm_interface-v2.01\qdm_interface\x64\debug\qcustomplot.obj
d:\qdm_interface-v2.01-mvcam-500fps\qdm_interface-v2.01\qdm_interface\x64\debug\cameradataprocess.obj
d:\qdm_interface-v2.01-mvcam-500fps\qdm_interface-v2.01\qdm_interface\x64\debug\misc.obj
d:\qdm_interface-v2.01-mvcam-500fps\qdm_interface-v2.01\qdm_interface\x64\debug\lm.obj
d:\qdm_interface-v2.01-mvcam-500fps\qdm_interface-v2.01\qdm_interface\x64\debug\axb.obj
d:\qdm_interface-v2.01-mvcam-500fps\qdm_interface-v2.01\qdm_interface\x64\debug\qrc_qdm_interface.obj
d:\qdm_interface-v2.01-mvcam-500fps\qdm_interface-v2.01\qdm_interface\x64\debug\qrc_pulsegenerator.obj
d:\qdm_interface-v2.01-mvcam-500fps\qdm_interface-v2.01\qdm_interface\x64\debug\moc_fixmeasurethread.obj
d:\qdm_interface-v2.01-mvcam-500fps\qdm_interface-v2.01\qdm_interface\x64\debug\moc_sweepmeasurethread.obj
d:\qdm_interface-v2.01-mvcam-500fps\qdm_interface-v2.01\qdm_interface\x64\debug\moc_radiusprogressbar.obj
d:\qdm_interface-v2.01-mvcam-500fps\qdm_interface-v2.01\qdm_interface\x64\debug\moc_mvcamerafix.obj
d:\qdm_interface-v2.01-mvcam-500fps\qdm_interface-v2.01\qdm_interface\x64\debug\moc_mvcamerasweep.obj
d:\qdm_interface-v2.01-mvcam-500fps\qdm_interface-v2.01\qdm_interface\x64\debug\moc_mvcamcapture.obj
d:\qdm_interface-v2.01-mvcam-500fps\qdm_interface-v2.01\qdm_interface\x64\debug\moc_mygraphicsview.obj
d:\qdm_interface-v2.01-mvcam-500fps\qdm_interface-v2.01\qdm_interface\x64\debug\moc_motorcontroller.obj
d:\qdm_interface-v2.01-mvcam-500fps\qdm_interface-v2.01\qdm_interface\x64\debug\moc_currentsource.obj
d:\qdm_interface-v2.01-mvcam-500fps\qdm_interface-v2.01\qdm_interface\x64\debug\moc_pulseset.obj
d:\qdm_interface-v2.01-mvcam-500fps\qdm_interface-v2.01\qdm_interface\x64\debug\moc_ctucamcap.obj
d:\qdm_interface-v2.01-mvcam-500fps\qdm_interface-v2.01\qdm_interface\x64\debug\moc_colormapwidget.obj
d:\qdm_interface-v2.01-mvcam-500fps\qdm_interface-v2.01\qdm_interface\x64\debug\moc_microwavesrcctlnewprotocol.obj
d:\qdm_interface-v2.01-mvcam-500fps\qdm_interface-v2.01\qdm_interface\x64\debug\moc_analysisroi.obj
d:\qdm_interface-v2.01-mvcam-500fps\qdm_interface-v2.01\qdm_interface\x64\debug\moc_qcustomplot.obj
d:\qdm_interface-v2.01-mvcam-500fps\qdm_interface-v2.01\qdm_interface\x64\debug\moc_qdm_interface.obj
d:\qdm_interface-v2.01-mvcam-500fps\qdm_interface-v2.01\x64\debug\qdm_interface.ilk
d:\qdm_interface-v2.01-mvcam-500fps\qdm_interface-v2.01\x64\debug\qdm_interface.exe
d:\qdm_interface-v2.01-mvcam-500fps\qdm_interface-v2.01\x64\debug\qdm_interface.pdb
d:\qdm_interface-v2.01-mvcam-500fps\qdm_interface-v2.01\qdm_interface\x64\debug\moc\moc_qdm_interface.cpp
d:\qdm_interface-v2.01-mvcam-500fps\qdm_interface-v2.01\qdm_interface\x64\debug\uic\ui_analysisroi.h
d:\qdm_interface-v2.01-mvcam-500fps\qdm_interface-v2.01\qdm_interface\x64\debug\uic\ui_colormapwidget.h
d:\qdm_interface-v2.01-mvcam-500fps\qdm_interface-v2.01\qdm_interface\x64\debug\uic\ui_pulseset.h
d:\qdm_interface-v2.01-mvcam-500fps\qdm_interface-v2.01\qdm_interface\x64\debug\uic\ui_qdm_interface.h
d:\qdm_interface-v2.01-mvcam-500fps\qdm_interface-v2.01\qdm_interface\x64\debug\rcc\qrc_pulsegenerator.cpp
d:\qdm_interface-v2.01-mvcam-500fps\qdm_interface-v2.01\qdm_interface\x64\debug\rcc\qrc_qdm_interface.cpp
d:\qdm_interface-v2.01-mvcam-500fps\qdm_interface-v2.01\qdm_interface\x64\debug\moc\moc_qcustomplot.cpp
d:\qdm_interface-v2.01-mvcam-500fps\qdm_interface-v2.01\qdm_interface\x64\debug\moc\moc_analysisroi.cpp
d:\qdm_interface-v2.01-mvcam-500fps\qdm_interface-v2.01\qdm_interface\x64\debug\moc\moc_microwavesrcctlnewprotocol.cpp
d:\qdm_interface-v2.01-mvcam-500fps\qdm_interface-v2.01\qdm_interface\x64\debug\moc\moc_colormapwidget.cpp
d:\qdm_interface-v2.01-mvcam-500fps\qdm_interface-v2.01\qdm_interface\x64\debug\moc\moc_ctucamcap.cpp
d:\qdm_interface-v2.01-mvcam-500fps\qdm_interface-v2.01\qdm_interface\x64\debug\moc\moc_pulseset.cpp
d:\qdm_interface-v2.01-mvcam-500fps\qdm_interface-v2.01\qdm_interface\x64\debug\moc\moc_currentsource.cpp
d:\qdm_interface-v2.01-mvcam-500fps\qdm_interface-v2.01\qdm_interface\x64\debug\moc\moc_motorcontroller.cpp
d:\qdm_interface-v2.01-mvcam-500fps\qdm_interface-v2.01\qdm_interface\x64\debug\moc\moc_mygraphicsview.cpp
d:\qdm_interface-v2.01-mvcam-500fps\qdm_interface-v2.01\qdm_interface\x64\debug\moc\moc_mvcamcapture.cpp
d:\qdm_interface-v2.01-mvcam-500fps\qdm_interface-v2.01\qdm_interface\x64\debug\moc\moc_mvcamerasweep.cpp
d:\qdm_interface-v2.01-mvcam-500fps\qdm_interface-v2.01\qdm_interface\x64\debug\moc\moc_mvcamerafix.cpp
d:\qdm_interface-v2.01-mvcam-500fps\qdm_interface-v2.01\qdm_interface\x64\debug\moc\moc_radiusprogressbar.cpp
d:\qdm_interface-v2.01-mvcam-500fps\qdm_interface-v2.01\qdm_interface\x64\debug\moc\moc_sweepmeasurethread.cpp
d:\qdm_interface-v2.01-mvcam-500fps\qdm_interface-v2.01\qdm_interface\x64\debug\moc\moc_fixmeasurethread.cpp
d:\qdm_interface-v2.01-mvcam-500fps\qdm_interface-v2.01\qdm_interface\x64\debug\qdm_interface.res
d:\qdm_interface-v2.01-mvcam-500fps\qdm_interface-v2.01\qdm_interface\x64\debug\qdm_interface.tlog\cl.command.1.tlog
d:\qdm_interface-v2.01-mvcam-500fps\qdm_interface-v2.01\qdm_interface\x64\debug\qdm_interface.tlog\cl.read.1.tlog
d:\qdm_interface-v2.01-mvcam-500fps\qdm_interface-v2.01\qdm_interface\x64\debug\qdm_interface.tlog\cl.write.1.tlog
d:\qdm_interface-v2.01-mvcam-500fps\qdm_interface-v2.01\qdm_interface\x64\debug\qdm_interface.tlog\link.command.1.tlog
d:\qdm_interface-v2.01-mvcam-500fps\qdm_interface-v2.01\qdm_interface\x64\debug\qdm_interface.tlog\link.read.1.tlog
d:\qdm_interface-v2.01-mvcam-500fps\qdm_interface-v2.01\qdm_interface\x64\debug\qdm_interface.tlog\link.write.1.tlog
d:\qdm_interface-v2.01-mvcam-500fps\qdm_interface-v2.01\qdm_interface\x64\debug\qdm_interface.tlog\moc.read.1u.tlog
d:\qdm_interface-v2.01-mvcam-500fps\qdm_interface-v2.01\qdm_interface\x64\debug\qdm_interface.tlog\moc.write.1u.tlog
d:\qdm_interface-v2.01-mvcam-500fps\qdm_interface-v2.01\qdm_interface\x64\debug\qdm_interface.tlog\qdm_interface.write.1u.tlog
d:\qdm_interface-v2.01-mvcam-500fps\qdm_interface-v2.01\qdm_interface\x64\debug\qdm_interface.tlog\rc.command.1.tlog
d:\qdm_interface-v2.01-mvcam-500fps\qdm_interface-v2.01\qdm_interface\x64\debug\qdm_interface.tlog\rc.read.1.tlog
d:\qdm_interface-v2.01-mvcam-500fps\qdm_interface-v2.01\qdm_interface\x64\debug\qdm_interface.tlog\rc.write.1.tlog
d:\qdm_interface-v2.01-mvcam-500fps\qdm_interface-v2.01\qdm_interface\x64\debug\qdm_interface.tlog\rcc.read.1u.tlog
d:\qdm_interface-v2.01-mvcam-500fps\qdm_interface-v2.01\qdm_interface\x64\debug\qdm_interface.tlog\rcc.write.1u.tlog
d:\qdm_interface-v2.01-mvcam-500fps\qdm_interface-v2.01\qdm_interface\x64\debug\qdm_interface.tlog\uic.read.1u.tlog
d:\qdm_interface-v2.01-mvcam-500fps\qdm_interface-v2.01\qdm_interface\x64\debug\qdm_interface.tlog\uic.write.1u.tlog
