   Qt/MSBuild: 3.4.0.1
   Qt: 5.9.0
  AnalysisRoi.cpp
  camera.cpp
  ColorMapWidget.cpp
  CtuCamCap.cpp
  CurrentSource.cpp
  FixMeasureThread.cpp
  FrameBase.cpp
  MicrowaveSrcCtlNewProtocol.cpp
  MotorController.cpp
  MVCamCapture.cpp
  MVCamera.cpp
  MVCameraFix.cpp
  MVCameraSweep.cpp
  MyGraphicsView.cpp
  PulseControl.cpp
  PulseSet.cpp
  radiusprogressbar.cpp
H:\QDM_Interface-v2.01-mvCam-FAVersion(锁相)\QDM_Interface-v2.01\QDM_Interface\radiusprogressbar.cpp(1,1): warning C4819: 该文件包含不能在当前代码页(936)中表示的字符。请将该文件保存为 Unicode 格式以防止数据丢失
  SaveThread.cpp
  SweepMeasureThread.cpp
  Utils.cpp
  正在生成代码...
H:\QDM_Interface-v2.01-mvCam-FAVersion(锁相)\QDM_Interface-v2.01\QDM_Interface\CurrentSource.cpp(137): warning C4715: “CurrentSource::currentConnect”: 不是所有的控件路径都返回值
  正在编译...
  CameraDataProcess.cpp
  qcustomplot.cpp
  QDM_Interface.cpp
  main.cpp
  正在生成代码...
  Axb.c
  lm.c
  misc.c
  LAPACK not available, LU will be used for matrix inversion when computing the covariance; this might be unstable at times
  LAPACK not available, LU will be used for matrix inversion when computing the covariance; this might be unstable at times
  正在生成代码...
  qrc_PulseGenerator.cpp
  qrc_QDM_Interface.cpp
  正在生成代码...
  moc_QDM_Interface.cpp
  moc_qcustomplot.cpp
  moc_AnalysisRoi.cpp
  moc_MicrowaveSrcCtlNewProtocol.cpp
  moc_ColorMapWidget.cpp
  moc_CtuCamCap.cpp
  moc_PulseSet.cpp
  moc_CurrentSource.cpp
  moc_MotorController.cpp
  moc_MyGraphicsView.cpp
  moc_MVCamCapture.cpp
  moc_MVCameraSweep.cpp
  moc_MVCameraFix.cpp
  moc_radiusprogressbar.cpp
  moc_SweepMeasureThread.cpp
  moc_FixMeasureThread.cpp
  正在生成代码...
qtmaind.lib(qtmain_win.obj) : error LNK2038: 检测到“_ITERATOR_DEBUG_LEVEL”的不匹配项: 值“2”不匹配值“0”(AnalysisRoi.obj 中)
qtmaind.lib(qtmain_win.obj) : error LNK2038: 检测到“RuntimeLibrary”的不匹配项: 值“MDd_DynamicDebug”不匹配值“MD_DynamicRelease”(AnalysisRoi.obj 中)
MSVCRT.lib(initializers.obj) : warning LNK4098: 默认库“msvcrtd.lib”与其他库的使用冲突；请使用 /NODEFAULTLIB:library
CameraDataProcess.obj : error LNK2001: 无法解析的外部符号 "public: void __cdecl cv::Mat::convertTo(class cv::_OutputArray const &,int,double,double)const " (?convertTo@Mat@cv@@QEBAXAEBV_OutputArray@2@HNN@Z)
QDM_Interface.obj : error LNK2001: 无法解析的外部符号 "public: void __cdecl cv::Mat::convertTo(class cv::_OutputArray const &,int,double,double)const " (?convertTo@Mat@cv@@QEBAXAEBV_OutputArray@2@HNN@Z)
camera.obj : error LNK2001: 无法解析的外部符号 "public: void __cdecl cv::Mat::convertTo(class cv::_OutputArray const &,int,double,double)const " (?convertTo@Mat@cv@@QEBAXAEBV_OutputArray@2@HNN@Z)
ColorMapWidget.obj : error LNK2001: 无法解析的外部符号 "public: void __cdecl cv::Mat::convertTo(class cv::_OutputArray const &,int,double,double)const " (?convertTo@Mat@cv@@QEBAXAEBV_OutputArray@2@HNN@Z)
MVCameraSweep.obj : error LNK2001: 无法解析的外部符号 "public: void __cdecl cv::Mat::convertTo(class cv::_OutputArray const &,int,double,double)const " (?convertTo@Mat@cv@@QEBAXAEBV_OutputArray@2@HNN@Z)
SweepMeasureThread.obj : error LNK2001: 无法解析的外部符号 "public: void __cdecl cv::Mat::convertTo(class cv::_OutputArray const &,int,double,double)const " (?convertTo@Mat@cv@@QEBAXAEBV_OutputArray@2@HNN@Z)
ColorMapWidget.obj : error LNK2019: 无法解析的外部符号 "class cv::_InputOutputArray const & __cdecl cv::noArray(void)" (?noArray@cv@@YAAEBV_InputOutputArray@1@XZ)，函数 "public: void __cdecl ColorMapWidget::transImg(void)" (?transImg@ColorMapWidget@@QEAAXXZ) 中引用了该符号
MVCameraSweep.obj : error LNK2001: 无法解析的外部符号 "class cv::_InputOutputArray const & __cdecl cv::noArray(void)" (?noArray@cv@@YAAEBV_InputOutputArray@1@XZ)
SweepMeasureThread.obj : error LNK2001: 无法解析的外部符号 "class cv::_InputOutputArray const & __cdecl cv::noArray(void)" (?noArray@cv@@YAAEBV_InputOutputArray@1@XZ)
QDM_Interface.obj : error LNK2001: 无法解析的外部符号 "class cv::_InputOutputArray const & __cdecl cv::noArray(void)" (?noArray@cv@@YAAEBV_InputOutputArray@1@XZ)
ColorMapWidget.obj : error LNK2019: 无法解析的外部符号 "public: void __cdecl cv::Mat::copyTo(class cv::_OutputArray const &)const " (?copyTo@Mat@cv@@QEBAXAEBV_OutputArray@2@@Z)，函数 "public: __cdecl cv::Mat::Mat<double>(class std::vector<double,class std::allocator<double> > const &,bool)" (??$?0N@Mat@cv@@QEAA@AEBV?$vector@NV?$allocator@N@std@@@std@@_N@Z) 中引用了该符号
CameraDataProcess.obj : error LNK2001: 无法解析的外部符号 "public: void __cdecl cv::Mat::copyTo(class cv::_OutputArray const &)const " (?copyTo@Mat@cv@@QEBAXAEBV_OutputArray@2@@Z)
QDM_Interface.obj : error LNK2001: 无法解析的外部符号 "public: void __cdecl cv::Mat::copyTo(class cv::_OutputArray const &)const " (?copyTo@Mat@cv@@QEBAXAEBV_OutputArray@2@@Z)
ColorMapWidget.obj : error LNK2019: 无法解析的外部符号 "void __cdecl cv::normalize(class cv::_InputArray const &,class cv::_InputOutputArray const &,double,double,int,int,class cv::_InputArray const &)" (?normalize@cv@@YAXAEBV_InputArray@1@AEBV_InputOutputArray@1@NNHH0@Z)，函数 "public: void __cdecl ColorMapWidget::transImg(void)" (?transImg@ColorMapWidget@@QEAAXXZ) 中引用了该符号
QDM_Interface.obj : error LNK2001: 无法解析的外部符号 "void __cdecl cv::normalize(class cv::_InputArray const &,class cv::_InputOutputArray const &,double,double,int,int,class cv::_InputArray const &)" (?normalize@cv@@YAXAEBV_InputArray@1@AEBV_InputOutputArray@1@NNHH0@Z)
ColorMapWidget.obj : error LNK2019: 无法解析的外部符号 "bool __cdecl cv::imwrite(class std::basic_string<char,struct std::char_traits<char>,class std::allocator<char> > const &,class cv::_InputArray const &,class std::vector<int,class std::allocator<int> > const &)" (?imwrite@cv@@YA_NAEBV?$basic_string@DU?$char_traits@D@std@@V?$allocator@D@2@@std@@AEBV_InputArray@1@AEBV?$vector@HV?$allocator@H@std@@@3@@Z)，函数 "public: void __cdecl ColorMapWidget::ChangeBToMat(void)" (?ChangeBToMat@ColorMapWidget@@QEAAXXZ) 中引用了该符号
CameraDataProcess.obj : error LNK2001: 无法解析的外部符号 "bool __cdecl cv::imwrite(class std::basic_string<char,struct std::char_traits<char>,class std::allocator<char> > const &,class cv::_InputArray const &,class std::vector<int,class std::allocator<int> > const &)" (?imwrite@cv@@YA_NAEBV?$basic_string@DU?$char_traits@D@std@@V?$allocator@D@2@@std@@AEBV_InputArray@1@AEBV?$vector@HV?$allocator@H@std@@@3@@Z)
QDM_Interface.obj : error LNK2001: 无法解析的外部符号 "bool __cdecl cv::imwrite(class std::basic_string<char,struct std::char_traits<char>,class std::allocator<char> > const &,class cv::_InputArray const &,class std::vector<int,class std::allocator<int> > const &)" (?imwrite@cv@@YA_NAEBV?$basic_string@DU?$char_traits@D@std@@V?$allocator@D@2@@std@@AEBV_InputArray@1@AEBV?$vector@HV?$allocator@H@std@@@3@@Z)
SweepMeasureThread.obj : error LNK2001: 无法解析的外部符号 "void __cdecl cv::resize(class cv::_InputArray const &,class cv::_OutputArray const &,class cv::Size_<int>,double,double,int)" (?resize@cv@@YAXAEBV_InputArray@1@AEBV_OutputArray@1@V?$Size_@H@1@NNH@Z)
QDM_Interface.obj : error LNK2001: 无法解析的外部符号 "void __cdecl cv::resize(class cv::_InputArray const &,class cv::_OutputArray const &,class cv::Size_<int>,double,double,int)" (?resize@cv@@YAXAEBV_InputArray@1@AEBV_OutputArray@1@V?$Size_@H@1@NNH@Z)
ColorMapWidget.obj : error LNK2001: 无法解析的外部符号 "void __cdecl cv::resize(class cv::_InputArray const &,class cv::_OutputArray const &,class cv::Size_<int>,double,double,int)" (?resize@cv@@YAXAEBV_InputArray@1@AEBV_OutputArray@1@V?$Size_@H@1@NNH@Z)
CtuCamCap.obj : error LNK2001: 无法解析的外部符号 "void __cdecl cv::resize(class cv::_InputArray const &,class cv::_OutputArray const &,class cv::Size_<int>,double,double,int)" (?resize@cv@@YAXAEBV_InputArray@1@AEBV_OutputArray@1@V?$Size_@H@1@NNH@Z)
FixMeasureThread.obj : error LNK2001: 无法解析的外部符号 "void __cdecl cv::resize(class cv::_InputArray const &,class cv::_OutputArray const &,class cv::Size_<int>,double,double,int)" (?resize@cv@@YAXAEBV_InputArray@1@AEBV_OutputArray@1@V?$Size_@H@1@NNH@Z)
MVCamCapture.obj : error LNK2001: 无法解析的外部符号 "void __cdecl cv::resize(class cv::_InputArray const &,class cv::_OutputArray const &,class cv::Size_<int>,double,double,int)" (?resize@cv@@YAXAEBV_InputArray@1@AEBV_OutputArray@1@V?$Size_@H@1@NNH@Z)
MVCameraSweep.obj : error LNK2019: 无法解析的外部符号 "void __cdecl cv::add(class cv::_InputArray const &,class cv::_InputArray const &,class cv::_OutputArray const &,class cv::_InputArray const &,int)" (?add@cv@@YAXAEBV_InputArray@1@0AEBV_OutputArray@1@0H@Z)，函数 "class cv::Mat & __cdecl cv::operator+=(class cv::Mat &,class cv::Mat const &)" (??Ycv@@YAAEAVMat@0@AEAV10@AEBV10@@Z) 中引用了该符号
SweepMeasureThread.obj : error LNK2001: 无法解析的外部符号 "void __cdecl cv::add(class cv::_InputArray const &,class cv::_InputArray const &,class cv::_OutputArray const &,class cv::_InputArray const &,int)" (?add@cv@@YAXAEBV_InputArray@1@0AEBV_OutputArray@1@0H@Z)
QDM_Interface.obj : error LNK2001: 无法解析的外部符号 "void __cdecl cv::add(class cv::_InputArray const &,class cv::_InputArray const &,class cv::_OutputArray const &,class cv::_InputArray const &,int)" (?add@cv@@YAXAEBV_InputArray@1@0AEBV_OutputArray@1@0H@Z)
CameraDataProcess.obj : error LNK2019: 无法解析的外部符号 "bool __cdecl cv::solve(class cv::_InputArray const &,class cv::_InputArray const &,class cv::_OutputArray const &,int)" (?solve@cv@@YA_NAEBV_InputArray@1@0AEBV_OutputArray@1@H@Z)，函数 "public: static bool __cdecl CameraDataProcess::gaussiantCurveFit(class std::vector<class cv::Point_<double>,class std::allocator<class cv::Point_<double> > > const &,int,double &,double &)" (?gaussiantCurveFit@CameraDataProcess@@SA_NAEBV?$vector@V?$Point_@N@cv@@V?$allocator@V?$Point_@N@cv@@@std@@@std@@HAEAN1@Z) 中引用了该符号
QDM_Interface.obj : error LNK2019: 无法解析的外部符号 "class cv::Scalar_<double> __cdecl cv::mean(class cv::_InputArray const &,class cv::_InputArray const &)" (?mean@cv@@YA?AV?$Scalar_@N@1@AEBV_InputArray@1@0@Z)，函数 "public: void __cdecl QDM_Interface::importPicNoMag(void)" (?importPicNoMag@QDM_Interface@@QEAAXXZ) 中引用了该符号
QDM_Interface.obj : error LNK2019: 无法解析的外部符号 "void __cdecl cv::minMaxLoc(class cv::_InputArray const &,double *,double *,class cv::Point_<int> *,class cv::Point_<int> *,class cv::_InputArray const &)" (?minMaxLoc@cv@@YAXAEBV_InputArray@1@PEAN1PEAV?$Point_@H@1@20@Z)，函数 "public: void __cdecl QDM_Interface::showFixFreImg(class cv::Mat,class cv::Mat)" (?showFixFreImg@QDM_Interface@@QEAAXVMat@cv@@0@Z) 中引用了该符号
H:\QDM_Interface-v2.01-mvCam-FAVersion(锁相)\QDM_Interface-v2.01\x64\Debug\QDM_Interface.exe : fatal error LNK1120: 10 个无法解析的外部命令
